#-----------------------------------------------------------
# Vivado v2019.1 (64-bit)
# SW Build 2552052 on Fri May 24 14:49:42 MDT 2019
# IP Build 2548770 on Fri May 24 18:01:18 MDT 2019
# Start of session at: Wed Mar  4 20:11:13 2020
# Process ID: 12072
# Current directory: C:/Users/abuba/Documents/POV Fan Project/POV_Project/VHDL Files/Initial tests/CMOD Test
# Command line: vivado.exe -gui_launcher_event rodinguilauncherevent2096 C:\Users\abuba\Documents\POV Fan Project\POV_Project\VHDL Files\Initial tests\CMOD Test\CMOD Test.xpr
# Log file: C:/Users/abuba/Documents/POV Fan Project/POV_Project/VHDL Files/Initial tests/CMOD Test/vivado.log
# Journal file: C:/Users/abuba/Documents/POV Fan Project/POV_Project/VHDL Files/Initial tests/CMOD Test\vivado.jou
#-----------------------------------------------------------
start_gui
open_project {C:/Users/abuba/Documents/POV Fan Project/POV_Project/VHDL Files/Initial tests/CMOD Test/CMOD Test.xpr}
update_compile_order -fileset sources_1
reset_run synth_1
launch_runs impl_1 -to_step write_bitstream -jobs 4
wait_on_run impl_1
open_run impl_1
open_hw
connect_hw_server
open_hw_target
set_property PROGRAM.FILE {C:/Users/abuba/Documents/POV Fan Project/POV_Project/VHDL Files/Initial tests/CMOD Test/CMOD Test.runs/impl_1/top_level.bit} [get_hw_devices xc7a35t_0]
current_hw_device [get_hw_devices xc7a35t_0]
refresh_hw_device -update_hw_probes false [lindex [get_hw_devices xc7a35t_0] 0]
set_property PROBES.FILE {} [get_hw_devices xc7a35t_0]
set_property FULL_PROBES.FILE {} [get_hw_devices xc7a35t_0]
set_property PROGRAM.FILE {C:/Users/abuba/Documents/POV Fan Project/POV_Project/VHDL Files/Initial tests/CMOD Test/CMOD Test.runs/impl_1/top_level.bit} [get_hw_devices xc7a35t_0]
program_hw_devices [get_hw_devices xc7a35t_0]
refresh_hw_device [lindex [get_hw_devices xc7a35t_0] 0]
set_property PROBES.FILE {} [get_hw_devices xc7a35t_0]
set_property FULL_PROBES.FILE {} [get_hw_devices xc7a35t_0]
set_property PROGRAM.FILE {C:/Users/abuba/Documents/POV Fan Project/POV_Project/VHDL Files/Initial tests/CMOD Test/CMOD Test.runs/impl_1/top_level.bit} [get_hw_devices xc7a35t_0]
program_hw_devices [get_hw_devices xc7a35t_0]
refresh_hw_device [lindex [get_hw_devices xc7a35t_0] 0]
